// Jest Snapshot v1, https://goo.gl/fbAQLP

exports[`<Header /> minimal renders correctly for authenticated users when minimal 1`] = `
<header
  className="site-header-desktop"
>
  <a
    className="nav-skip sr-only sr-only-focusable"
    href="#main"
  >
    Skip to main content
  </a>
  <div
    className="container-fluid null"
  >
    <div
      className="nav-container position-relative d-flex align-items-center"
    >
      <img
        alt="edX"
        className="logo"
        src="https://edx-cdn.org/v3/prod/logo.svg"
      />
      <nav
        aria-label="Main"
        className="nav main-nav"
      />
      <nav
        aria-label="Secondary"
        className="nav secondary-menu-container align-items-center ml-auto"
      >
        <div
          className="dropdown"
          onKeyDown={[Function]}
        >
          <button
            alt=""
            aria-expanded={false}
            aria-haspopup={true}
            aria-label="Account menu for edX"
            className="btn-avatar pgn__avatar-button-avatar pgn__avatar-button-avatar-md dropdown-toggle btn btn-tertiary btn-md"
            data-hj-suppress={true}
            disabled={false}
            onClick={[Function]}
            type="button"
          >
            <span
              className="pgn__avatar-button-avatar-wrap"
            >
              <img
                alt=""
                className="pgn__avatar pgn__avatar-sm"
                src="icon/mock/path"
              />
            </span>
            edX
          </button>
        </div>
      </nav>
    </div>
  </div>
</header>
`;

exports[`<Header /> minimal renders correctly for unauthenticated users when minimal 1`] = `
<header
  className="site-header-desktop"
>
  <a
    className="nav-skip sr-only sr-only-focusable"
    href="#main"
  >
    Skip to main content
  </a>
  <div
    className="container-fluid null"
  >
    <div
      className="nav-container position-relative d-flex align-items-center"
    >
      <img
        alt="edX"
        className="logo"
        src="https://edx-cdn.org/v3/prod/logo.svg"
      />
      <nav
        aria-label="Main"
        className="nav main-nav"
      />
      <nav
        aria-label="Secondary"
        className="nav secondary-menu-container align-items-center ml-auto"
      >
        <a
          className="btn mr-2 btn-link"
          href="http://localhost:18000/login"
        >
          Login
        </a>
        <a
          className="btn mr-2 btn-outline-primary"
          href="http://localhost:18000/register"
        >
          Sign Up
        </a>
      </nav>
    </div>
  </div>
</header>
`;

exports[`<Header /> renders correctly for authenticated users on desktop 1`] = `
<header
  className="site-header-desktop"
>
  <a
    className="nav-skip sr-only sr-only-focusable"
    href="#main"
  >
    Skip to main content
  </a>
  <div
    className="container-fluid null"
  >
    <div
      className="nav-container position-relative d-flex align-items-center"
    >
      <a
        className="logo"
        href="http://localhost:18000/dashboard"
      >
        <img
          alt="edX"
          className="d-block"
          src="https://edx-cdn.org/v3/prod/logo.svg"
        />
      </a>
      <nav
        aria-label="Main"
        className="nav main-nav"
      >
        <a
          className="nav-link"
          href="http://localhost:18000/dashboard"
        >
          Courses
        </a>
        <a
          className="nav-link"
          href="http://localhost:18000/dashboard/programs"
        >
          Programs
        </a>
        <a
          className="nav-link"
          href="http://localhost:18000/course"
        >
          Discover New
        </a>
      </nav>
      <nav
        aria-label="Secondary"
        className="nav secondary-menu-container align-items-center ml-auto"
      >
        <div
          className="dropdown"
          onKeyDown={[Function]}
        >
          <button
            alt=""
            aria-expanded={false}
            aria-haspopup={true}
            aria-label="Account menu for edX"
            className="btn-avatar pgn__avatar-button-avatar pgn__avatar-button-avatar-md dropdown-toggle btn btn-tertiary btn-md"
            data-hj-suppress={true}
            disabled={false}
            onClick={[Function]}
            type="button"
          >
            <span
              className="pgn__avatar-button-avatar-wrap"
            >
              <img
                alt=""
                className="pgn__avatar pgn__avatar-sm"
                src="icon/mock/path"
              />
            </span>
            edX
          </button>
        </div>
      </nav>
    </div>
  </div>
</header>
`;

exports[`<Header /> renders correctly for authenticated users on mobile 1`] = `
<header
  aria-label="Main"
  className="site-header-mobile d-flex justify-content-between align-items-center shadow sticky-top"
>
  <a
    className="nav-skip sr-only sr-only-focusable"
    href="#main"
  >
    Skip to main content
  </a>
  <div
    className="w-100 d-flex justify-content-start"
  >
    <div
      className="menu position-static"
      onKeyDown={[Function]}
      onMouseEnter={[Function]}
      onMouseLeave={[Function]}
    >
      <button
        aria-expanded={false}
        aria-haspopup="menu"
        aria-label="Main Menu"
        className="menu-trigger icon-button"
        onClick={[Function]}
        title="Main Menu"
      >
        <svg
          aria-hidden={true}
          focusable="false"
          height="24px"
          role="img"
          style={
            Object {
              "height": "1.5rem",
              "width": "1.5rem",
            }
          }
          version="1.1"
          viewBox="0 0 24 24"
          width="24px"
        >
          <rect
            fill="currentColor"
            height="2"
            width="20"
            x="2"
            y="5"
          />
          <rect
            fill="currentColor"
            height="2"
            width="20"
            x="2"
            y="11"
          />
          <rect
            fill="currentColor"
            height="2"
            width="20"
            x="2"
            y="17"
          />
        </svg>
      </button>
    </div>
  </div>
  <div
    className="w-100 d-flex justify-content-center"
  >
    <a
      className="logo"
      href="http://localhost:18000/dashboard"
      itemType="http://schema.org/Organization"
    >
      <img
        alt="edX"
        className="d-block"
        src="https://edx-cdn.org/v3/prod/logo.svg"
      />
    </a>
  </div>
  <div
    className="w-100 d-flex justify-content-end align-items-center"
  >
    <nav
      aria-label="Secondary"
      className="menu position-static"
      onKeyDown={[Function]}
      onMouseEnter={[Function]}
      onMouseLeave={[Function]}
    >
      <button
        aria-expanded={false}
        aria-haspopup="menu"
        aria-label="Account Menu"
        className="btn-avatar pgn__avatar-button-avatar pgn__avatar-button-avatar-md menu-trigger null pgn__avatar-button-hide-label btn btn-tertiary btn-md"
        disabled={false}
        onClick={[Function]}
        title="Account Menu"
        type="button"
      >
        <span
          className="pgn__avatar-button-avatar-wrap"
        >
          <img
            alt="edX"
            className="pgn__avatar pgn__avatar-sm"
            src="icon/mock/path"
          />
        </span>
      </button>
    </nav>
  </div>
</header>
`;

exports[`<Header /> renders correctly for unauthenticated users on desktop 1`] = `
<header
  className="site-header-desktop"
>
  <a
    className="nav-skip sr-only sr-only-focusable"
    href="#main"
  >
    Skip to main content
  </a>
  <div
    className="container-fluid null"
  >
    <div
      className="nav-container position-relative d-flex align-items-center"
    >
      <a
        className="logo"
        href="http://localhost:18000/dashboard"
      >
        <img
          alt="edX"
          className="d-block"
          src="https://edx-cdn.org/v3/prod/logo.svg"
        />
      </a>
      <nav
        aria-label="Main"
        className="nav main-nav"
      >
        <a
          className="nav-link"
          href="http://localhost:18000/dashboard"
        >
          Courses
        </a>
        <a
          className="nav-link"
          href="http://localhost:18000/dashboard/programs"
        >
          Programs
        </a>
        <a
          className="nav-link"
          href="http://localhost:18000/course"
        >
          Discover New
        </a>
      </nav>
      <nav
        aria-label="Secondary"
        className="nav secondary-menu-container align-items-center ml-auto"
      >
        <a
          className="btn mr-2 btn-link"
          href="http://localhost:18000/login"
        >
          Login
        </a>
        <a
          className="btn mr-2 btn-outline-primary"
          href="http://localhost:18000/register"
        >
          Sign Up
        </a>
      </nav>
    </div>
  </div>
</header>
`;

exports[`<Header /> renders correctly for unauthenticated users on mobile 1`] = `
<header
  aria-label="Main"
  className="site-header-mobile d-flex justify-content-between align-items-center shadow sticky-top"
>
  <a
    className="nav-skip sr-only sr-only-focusable"
    href="#main"
  >
    Skip to main content
  </a>
  <div
    className="w-100 d-flex justify-content-start"
  >
    <div
      className="menu position-static"
      onKeyDown={[Function]}
      onMouseEnter={[Function]}
      onMouseLeave={[Function]}
    >
      <button
        aria-expanded={false}
        aria-haspopup="menu"
        aria-label="Main Menu"
        className="menu-trigger icon-button"
        onClick={[Function]}
        title="Main Menu"
      >
        <svg
          aria-hidden={true}
          focusable="false"
          height="24px"
          role="img"
          style={
            Object {
              "height": "1.5rem",
              "width": "1.5rem",
            }
          }
          version="1.1"
          viewBox="0 0 24 24"
          width="24px"
        >
          <rect
            fill="currentColor"
            height="2"
            width="20"
            x="2"
            y="5"
          />
          <rect
            fill="currentColor"
            height="2"
            width="20"
            x="2"
            y="11"
          />
          <rect
            fill="currentColor"
            height="2"
            width="20"
            x="2"
            y="17"
          />
        </svg>
      </button>
    </div>
  </div>
  <div
    className="w-100 d-flex justify-content-center"
  >
    <a
      className="logo"
      href="http://localhost:18000/dashboard"
      itemType="http://schema.org/Organization"
    >
      <img
        alt="edX"
        className="d-block"
        src="https://edx-cdn.org/v3/prod/logo.svg"
      />
    </a>
  </div>
  <div
    className="w-100 d-flex justify-content-end align-items-center"
  >
    <nav
      aria-label="Secondary"
      className="menu position-static"
      onKeyDown={[Function]}
      onMouseEnter={[Function]}
      onMouseLeave={[Function]}
    >
      <button
        aria-expanded={false}
        aria-haspopup="menu"
        aria-label="Account Menu"
        className="btn-avatar pgn__avatar-button-avatar pgn__avatar-button-avatar-md menu-trigger null pgn__avatar-button-hide-label btn btn-tertiary btn-md"
        disabled={false}
        onClick={[Function]}
        title="Account Menu"
        type="button"
      >
        <span
          className="pgn__avatar-button-avatar-wrap"
        >
          <img
            alt={null}
            className="pgn__avatar pgn__avatar-sm"
            src="icon/mock/path"
          />
        </span>
      </button>
    </nav>
  </div>
</header>
`;
